// Jest Snapshot v1, https://goo.gl/fbAQLP

exports[`testing snapshots 1`] = `1`;

exports[`testing snapshots again 1`] = `5`;
